#-----------------------------------------------------------
# Vivado v2025.1 (64-bit)
# SW Build 6140274 on Thu May 22 00:12:29 MDT 2025
# IP Build 6138677 on Thu May 22 03:10:11 MDT 2025
# SharedData Build 6139179 on Tue May 20 17:58:58 MDT 2025
# Start of session at: Thu Mar 19 10:14:58 2026
# Process ID         : 19040
# Current directory  : C:/Users/291914/project_6/project_6.runs/design_3_ahblite_axi_bridge_0_0_synth_1
# Command line       : vivado.exe -log design_3_ahblite_axi_bridge_0_0.vds -product Vivado -mode batch -messageDb vivado.pb -notrace -source design_3_ahblite_axi_bridge_0_0.tcl
# Log file           : C:/Users/291914/project_6/project_6.runs/design_3_ahblite_axi_bridge_0_0_synth_1/design_3_ahblite_axi_bridge_0_0.vds
# Journal file       : C:/Users/291914/project_6/project_6.runs/design_3_ahblite_axi_bridge_0_0_synth_1\vivado.jou
# Running On         : 7RMY0V3
# Platform           : Windows Server 2016 or Windows 10
# Operating System   : 26200
# Processor Detail   : 11th Gen Intel(R) Core(TM) i7-1185G7 @ 3.00GHz
# CPU Frequency      : 1805 MHz
# CPU Physical cores : 4
# CPU Logical cores  : 8
# Host memory        : 16531 MB
# Swap memory        : 14495 MB
# Total Virtual      : 31026 MB
# Available Virtual  : 8865 MB
#-----------------------------------------------------------
source design_3_ahblite_axi_bridge_0_0.tcl -notrace
